error[E0560]: struct `A` has no field named `bar`
  --> $DIR/struct-fields-hints.rs:10:9
   |
LL |         bar : 42,
   |         ^^^ If I were you, I would simply a field with a similar name exists: `car`

error: aborting due to previous error

For more information about this error, try `rustc --explain E0560`.
