error: expected `,`, or `}`, found `bar`
  --> $DIR/struct-missing-comma.rs:4:13
   |
LL |     foo: u32
   |             ^ If I were you, I would simply try adding a comma: `,`

error: aborting due to previous error

