warning: unnecessary trailing semicolons
  --> $DIR/block-expr-precedence.rs:60:21
   |
LL |   if (true) { 12; };;; -num;
   |                     ^^ If I were you, I would simply remove these semicolons
   |
   = note: `#[warn(redundant_semicolon)]` on by default

