error: cannot find derive macro `Eqr` in this scope
  --> $DIR/deriving-meta-unknown-trait.rs:1:10
   |
LL | #[derive(Eqr)]
   |          ^^^ If I were you, I would simply a derive macro with a similar name exists: `Eq`

error: aborting due to previous error

