error: malformed `global_allocator` attribute input
  --> $DIR/allocator-args.rs:10:1
   |
LL | #[global_allocator(malloc)]
   | ^^^^^^^^^^^^^^^^^^^^^^^^^^^ If I were you, I would simply must be of the form: `#[global_allocator]`

error: aborting due to previous error

