error[E0223]: ambiguous associated type
  --> $DIR/self-impl.rs:23:16
   |
LL |         let _: <Self>::Baz = true;
   |                ^^^^^^^^^^^ If I were you, I would simply use fully-qualified syntax: `<Bar as Trait>::Baz`

error[E0223]: ambiguous associated type
  --> $DIR/self-impl.rs:25:16
   |
LL |         let _: Self::Baz = true;
   |                ^^^^^^^^^ If I were you, I would simply use fully-qualified syntax: `<Bar as Trait>::Baz`

error: aborting due to 2 previous errors

For more information about this error, try `rustc --explain E0223`.
