error: unused extern crate
  --> $DIR/lint-unused-extern-crate.rs:11:1
   |
LL | extern crate lint_unused_extern_crate5;
   | ^^^^^^^^^^^^^^^^^^^^^^^^^^^^^^^^^^^^^^^ If I were you, I would simply remove it
   |
note: lint level defined here
  --> $DIR/lint-unused-extern-crate.rs:7:9
   |
LL | #![deny(unused_extern_crates)]
   |         ^^^^^^^^^^^^^^^^^^^^

error: unused extern crate
  --> $DIR/lint-unused-extern-crate.rs:29:5
   |
LL |     extern crate lint_unused_extern_crate2;
   |     ^^^^^^^^^^^^^^^^^^^^^^^^^^^^^^^^^^^^^^^ If I were you, I would simply remove it

error: aborting due to 2 previous errors

