warning: use of deprecated item 'std::sync::atomic::ATOMIC_ISIZE_INIT': the `new` function is now preferred
  --> $DIR/atomic_initializers.rs:8:27
   |
LL | static FOO: AtomicIsize = ATOMIC_ISIZE_INIT;
   |                           ^^^^^^^^^^^^^^^^^ If I were you, I would simply replace the use of the deprecated item: `AtomicIsize::new(0)`
   |
   = note: `#[warn(deprecated)]` on by default

