error: `~` cannot be used as a unary operator
  --> $DIR/issue-41679-tilde-bitwise-negation-attempt.rs:2:13
   |
LL |     let x = ~1;
   |             ^ If I were you, I would simply use `!` to perform bitwise not

error: aborting due to previous error

